curl.exe :   % Total   
 % Received % Xferd  
Average Speed  Time    
Time    Time   Current
At line:1 char:248
+ ...  token.tmp; 
curl.exe -i -H 
"Authorization: Bearer 
$t" -H "User-Agent: ...
+                 ~~~~~
~~~~~~~~~~~~~~~~~~~~~~~
~~~~~~~~~~~~~~~~~~~~~~~
~~~~~~
    + CategoryInfo     
         : NotSpecifi  
  ed: (  % Total       
 % ... Time   Curre    
nt:String) [], Rem    
oteException
    + FullyQualifiedEr 
   rorId : NativeComm  
  andError
 
                       
          Dload  
Upload  Total   Spent  
 Left   Speed

  0      0   0      0  
 0      0      0      
0                      
        0
100    112   0    112  
 0      0    103      
0           00:01      
      104
100    112   0    112  
 0      0    103      
0           00:01      
      104
100    112   0    112  
 0      0    103      
0           00:01      
      104
100    112   0    112  
 0      0    103      
0           00:01      
      104
HTTP/1.1 401 Unauthorized
Content-Type: application/json; charset=utf-8
X-GitHub-Media-Type: github.v3; format=json
Access-Control-Expose-Headers: ETag, Link, Location, Retry-After, X-GitHub-OTP, X-RateLimit-Limit, X-RateLimit-Remaining, X-RateLimit-Used, X-RateLimit-Resource, X-RateLimit-Reset, X-OAuth-Scopes, X-Accepted-OAuth-Scopes, X-Poll-Interval, X-GitHub-Media-Type, X-GitHub-SSO, X-GitHub-Request-Id, Deprecation, Sunset
Access-Control-Allow-Origin: *
Strict-Transport-Security: max-age=31536000; includeSubdomains; preload
X-Frame-Options: deny
X-Content-Type-Options: nosniff
X-XSS-Protection: 0
Referrer-Policy: origin-when-cross-origin, strict-origin-when-cross-origin
Content-Security-Policy: default-src 'none'
Vary: Accept-Encoding, Accept, X-Requested-With
Server: github.com
Date: Tue, 10 Mar 2026 09:25:28 GMT
X-GitHub-Request-Id: D484:1A88A6:6937F:6FCB5:69AFE388
connection: close

{
  "message": "Bad credentials",
  "documentation_url": "https://docs.github.com/rest",
  "status": "401"
}
